root:$y$j9T$IEsCEbbLkv/RUp.4jsrpQe8j$oiCHloeYMxTyhJEJlbM0P5untTsSPqc.DlBybHuRPU0::0:99999:7:::
bin:*:20047:0:99999:7:::
daemon:*:20047:0:99999:7:::
adm:*:20047:0:99999:7:::
lp:*:20047:0:99999:7:::
sync:*:20047:0:99999:7:::
shutdown:*:20047:0:99999:7:::
halt:*:20047:0:99999:7:::
mail:*:20047:0:99999:7:::
operator:*:20047:0:99999:7:::
games:*:20047:0:99999:7:::
ftp:*:20047:0:99999:7:::
nobody:*:20047:0:99999:7:::
dbus:!!:20708::::::
rtkit:!!:20708::::::
geoclue:!!:20708::::::
pipewire:!!:20708::::::
tss:!!:20708::::::
systemd-oom:!*:20708::::::
systemd-resolve:!*:20708::::::
polkitd:!!:20708::::::
avahi:!!:20708::::::
colord:!!:20708::::::
postfix:!!:20708::::::
sshd:!!:20708::::::
gluster:!!:20708::::::
rpc:!!:20708:0:99999:7:::
unbound:!!:20708::::::
openvpn:!!:20708::::::
nm-openvpn:!!:20708::::::
sddm:!!:20708::::::
chrony:!!:20708::::::
dnsmasq:!!:20708::::::
nslcd:!!:20708::::::
tcpdump:!!:20708::::::
nm-openconnect:!*:20708::::::
systemd-coredump:!*:20708::::::
systemd-timesync:!*:20708::::::
vboxadd:!*:20708::::::
sonya:$y$j9T$k7f3D2FCFnRO.2z2dYkglMos$Qy4rCu9vq9aQTjSAk5C1YP2whZe3K9Dq8A.y6SIO8W/::0:99999:7:::
user1:$y$j9T$L0VN.0bl0gEvZyNFFRlM//$kcwHITftGdtrmXC9X5Gi3Dytrypk58PTkJFlMl0dwV3:20708:0:90:7:::
