  File: /home/user1
  Size: 4096      	Blocks: 8          IO Block: 4096   directory
Device: 8,4	Inode: 1317262     Links: 2
Access: (0700/drwx------)  Uid: ( 1234/   user1)   Gid: ( 1234/   user1)
Context: unconfined_u:object_r:user_home_dir_t:s0
Access: 2026-09-12 22:12:39.976955638 +0300
Modify: 2026-09-12 22:44:16.750284132 +0300
Change: 2026-09-12 22:44:16.750284132 +0300
 Birth: 2026-09-12 22:05:00.233401857 +0300
  File: /home/sonya/mycat
  Size: 36568     	Blocks: 72         IO Block: 4096   regular file
Device: 8,4	Inode: 707531      Links: 1
Access: (4755/-rwsr-xr-x)  Uid: (    0/    root)   Gid: (    0/    root)
Context: unconfined_u:object_r:user_home_t:s0
Access: 2026-09-12 22:27:04.870536119 +0300
Modify: 2026-09-12 22:24:58.748760673 +0300
Change: 2026-09-12 22:25:42.843031779 +0300
 Birth: 2026-09-12 22:24:58.748760673 +0300
  File: /home/sonya/mychown
  Size: 65840     	Blocks: 144        IO Block: 4096   regular file
Device: 8,4	Inode: 707530      Links: 1
Access: (0755/-rwxr-xr-x)  Uid: ( 1000/   sonya)   Gid: ( 1000/   sonya)
Context: unconfined_u:object_r:user_home_t:s0
Access: 2026-09-12 22:35:33.142124298 +0300
Modify: 2026-09-12 22:34:43.890796555 +0300
Change: 2026-09-12 22:34:56.407879850 +0300
 Birth: 2026-09-12 22:34:43.890796555 +0300
